// Jest Snapshot v1, https://goo.gl/fbAQLP

exports[`CourseForm via Enzyme rendered CourseForm matches snapshot 1`] = `
<form>
  <h1>
    Manage Course
  </h1>
  <div
    className="form-group"
  >
    <label
      htmlFor="title"
    >
      Title
    </label>
    <div
      className="field"
    >
      <input
        className="form-control"
        name="title"
        onChange={[Function]}
        placeholder={undefined}
        type="text"
        value={undefined}
      />
    </div>
  </div>
  <div
    className="form-group"
  >
    <label
      htmlFor="authorId"
    >
      Author
    </label>
    <div
      className="field"
    >
      <select
        className="form-control"
        name="authorId"
        onChange={[Function]}
        type="text"
        value={undefined}
      >
        <option
          value=""
        >
          Select Author
        </option>
      </select>
    </div>
  </div>
  <div
    className="form-group"
  >
    <label
      htmlFor="category"
    >
      Category
    </label>
    <div
      className="field"
    >
      <input
        className="form-control"
        name="category"
        onChange={[Function]}
        placeholder={undefined}
        type="text"
        value={undefined}
      />
    </div>
  </div>
  <div
    className="form-group"
  >
    <label
      htmlFor="length"
    >
      Length
    </label>
    <div
      className="field"
    >
      <input
        className="form-control"
        name="length"
        onChange={[Function]}
        placeholder={undefined}
        type="text"
        value={undefined}
      />
    </div>
  </div>
  <input
    className="btn btn-primary"
    disabled={false}
    onClick={[Function]}
    type="submit"
    value="Save"
  />
</form>
`;
